2026-08-19 00:18:22,005 - INFO - ============================================================
2026-08-19 00:18:22,010 - INFO - HEART DISEASE MODEL TRAINING STARTED
2026-08-19 00:18:22,015 - INFO - ============================================================
2026-08-19 00:18:22,019 - INFO - Loading dataset...
2026-08-19 00:18:22,231 - INFO - Dataset loaded successfully.
2026-08-19 00:18:22,234 - INFO - Dataset shape: (270, 14)
2026-08-19 00:18:22,236 - INFO - Columns: ['Age', 'Sex', 'Chest pain type', 'BP', 'Cholesterol', 'FBS over 120', 'EKG results', 'Max HR', 'Exercise angina', 'ST depression', 'Slope of ST', 'Number of vessels fluro', 'Thallium', 'Heart Disease']
2026-08-19 00:18:22,237 - INFO - ============================================================
2026-08-19 00:18:22,238 - INFO - DATA CHECK
2026-08-19 00:18:22,240 - INFO - ============================================================
2026-08-19 00:18:22,248 - INFO - Missing values:
Age                        0
Sex                        0
Chest pain type            0
BP                         0
Cholesterol                0
FBS over 120               0
EKG results                0
Max HR                     0
Exercise angina            0
ST depression              0
Slope of ST                0
Number of vessels fluro    0
Thallium                   0
Heart Disease              0
dtype: int64
2026-08-19 00:18:22,277 - INFO - Duplicate rows: 0
2026-08-19 00:18:22,308 - INFO - Target distribution:
Heart Disease
Absence     150
Presence    120
Name: count, dtype: int64
2026-08-19 00:18:22,308 - INFO - ============================================================
2026-08-19 00:18:22,311 - INFO - ENCODING TARGET VARIABLE
2026-08-19 00:18:22,312 - INFO - ============================================================
2026-08-19 00:18:22,338 - INFO - Encoded target distribution:
Heart Disease
0    150
1    120
Name: count, dtype: int64
2026-08-19 00:18:22,341 - INFO - Missing target values: 0
2026-08-19 00:18:22,349 - INFO - ============================================================
2026-08-19 00:18:22,354 - INFO - FEATURES AND TARGET
2026-08-19 00:18:22,356 - INFO - ============================================================
2026-08-19 00:18:22,364 - INFO - Feature shape: (270, 13)
2026-08-19 00:18:22,368 - INFO - Target shape: (270,)
2026-08-19 00:18:22,371 - INFO - Features used: ['Age', 'Sex', 'Chest pain type', 'BP', 'Cholesterol', 'FBS over 120', 'EKG results', 'Max HR', 'Exercise angina', 'ST depression', 'Slope of ST', 'Number of vessels fluro', 'Thallium']
2026-08-19 00:18:22,645 - INFO - ============================================================
2026-08-19 00:18:22,645 - INFO - TRAIN-TEST SPLIT
2026-08-19 00:18:22,645 - INFO - ============================================================
2026-08-19 00:18:22,646 - INFO - X_train shape: (216, 13)
2026-08-19 00:18:22,646 - INFO - X_test shape: (54, 13)
2026-08-19 00:18:22,647 - INFO - y_train shape: (216,)
2026-08-19 00:18:22,647 - INFO - y_test shape: (54,)
2026-08-19 00:18:22,647 - INFO - Logistic Regression pipeline created.
2026-08-19 00:18:22,648 - INFO - ============================================================
2026-08-19 00:18:22,648 - INFO - CROSS VALIDATION
2026-08-19 00:18:22,648 - INFO - ============================================================
2026-08-19 00:18:22,826 - INFO - Cross-validation scores: [0.87037037 0.88888889 0.77777778 0.77777778 0.87037037]
2026-08-19 00:18:22,827 - INFO - Mean CV Accuracy: 0.8370
2026-08-19 00:18:22,827 - INFO - ============================================================
2026-08-19 00:18:22,827 - INFO - HYPERPARAMETER TUNING
2026-08-19 00:18:22,828 - INFO - ============================================================
2026-08-19 00:18:22,828 - INFO - Starting GridSearchCV...
2026-08-19 00:18:25,532 - INFO - GridSearchCV completed successfully.
2026-08-19 00:18:25,533 - INFO - ============================================================
2026-08-19 00:18:25,533 - INFO - BEST MODEL PARAMETERS
2026-08-19 00:18:25,534 - INFO - ============================================================
2026-08-19 00:18:25,534 - INFO - Best Parameters: {'model__C': 0.01, 'model__solver': 'lbfgs'}
2026-08-19 00:18:25,535 - INFO - Best CV ROC-AUC: 0.9158
2026-08-19 00:18:25,535 - INFO - Best model selected successfully.
2026-08-19 00:18:25,591 - INFO - ============================================================
2026-08-19 00:18:25,592 - INFO - FINAL MODEL EVALUATION
2026-08-19 00:18:25,592 - INFO - ============================================================
2026-08-19 00:18:25,593 - INFO - Accuracy : 0.8519
2026-08-19 00:18:25,593 - INFO - Precision: 0.8333
2026-08-19 00:18:25,593 - INFO - Recall   : 0.8333
2026-08-19 00:18:25,594 - INFO - F1 Score : 0.8333
2026-08-19 00:18:25,594 - INFO - ROC-AUC  : 0.9083
2026-08-19 00:18:25,599 - INFO - ============================================================
2026-08-19 00:18:25,600 - INFO - CONFUSION MATRIX
2026-08-19 00:18:25,600 - INFO - ============================================================
2026-08-19 00:18:25,601 - INFO - 
[[26  4]
 [ 4 20]]
2026-08-19 00:18:25,627 - INFO - ============================================================
2026-08-19 00:18:25,628 - INFO - CLASSIFICATION REPORT
2026-08-19 00:18:25,628 - INFO - ============================================================
2026-08-19 00:18:25,630 - INFO - 
              precision    recall  f1-score   support

           0       0.87      0.87      0.87        30
           1       0.83      0.83      0.83        24

    accuracy                           0.85        54
   macro avg       0.85      0.85      0.85        54
weighted avg       0.85      0.85      0.85        54

2026-08-19 00:18:25,643 - INFO - ============================================================
2026-08-19 00:18:25,649 - INFO - MODEL SAVING
2026-08-19 00:18:25,652 - INFO - ============================================================
2026-08-19 00:18:25,654 - INFO - Model saved successfully as: heart_disease_model.pkl
2026-08-19 00:18:25,692 - INFO - Saved model loaded successfully.
2026-08-19 00:18:25,713 - INFO - Saved model verification accuracy: 0.8519
2026-08-19 00:18:25,746 - INFO - Clean dataset saved as: Clean Heart Disease Prediction.csv
2026-08-19 00:18:25,752 - INFO - ============================================================
2026-08-19 00:18:25,755 - INFO - TRAINING COMPLETED SUCCESSFULLY
2026-08-19 00:18:25,755 - INFO - ============================================================
